
> components@1.0.0 build-storybook
> storybook build --output-dir=/private/var/folders/r5/mlqphft14rl04yv_djmrv6tc0000gp/T/chromatic--27532-f672v7oXYn8W


[90m┌[39m  Building storybook v10.5.4
[90m│[39m
[32m◇[39m  Cleaning outputDir:
[90m│[39m  [36m../../../../../../../../../private/var/folders/r5/mlqphft14rl04yv_djmrv6tc0000gp/T/chromatic--27532-f672v7oXYn8W[39m
[90m│[39m
[32m◇[39m  Loading presets
[90m│[39m
[32m◇[39m  Building manager..
[90m│[39m
[34m●[39m  Building open services..
[90m│[39m
[34m●[39m  Building preview..
[90m│[39m  [43mVite[49m [36mvite v8.1.5 [32mbuilding client environment for production...[36m[39m
[2Ktransforming...✓ 180 modules transformed.
rendering chunks...
computing gzip size...
[90m│[39m  [43mVite[49m
[90m│[39m  ../../../../../../../../../private/var/folders/r5/mlqphft14rl04yv_djmrv6tc0000gp/T/chromatic--27532-f672v7oXYn8W/assets/context-C0qIqeS4.png
[90m│[39m  6.11 kB
[90m│[39m  ../../../../../../../../../private/var/folders/r5/mlqphft14rl04yv_djmrv6tc0000gp/T/chromatic--27532-f672v7oXYn8W/assets/styling-Bk6zjRzU.png
[90m│[39m  7.23 kB
[90m│[39m  ../../../../../../../../../private/var/folders/r5/mlqphft14rl04yv_djmrv6tc0000gp/T/chromatic--27532-f672v7oXYn8W/iframe.html
[90m│[39m  18.95 kB │ gzip:   5.28 kB
[90m│[39m  ../../../../../../../../../private/var/folders/r5/mlqphft14rl04yv_djmrv6tc0000gp/T/chromatic--27532-f672v7oXYn8W/assets/docs---vsFbMi.png
[90m│[39m  27.87 kB
[90m│[39m  ../../../../../../../../../private/var/folders/r5/mlqphft14rl04yv_djmrv6tc0000gp/T/chromatic--27532-f672v7oXYn8W/assets/share-DGA-UcQf.png
[90m│[39m  40.76 kB
[90m│[39m  ../../../../../../../../../private/var/folders/r5/mlqphft14rl04yv_djmrv6tc0000gp/T/chromatic--27532-f672v7oXYn8W/assets/accessibility-W_h2acOZ.png
[90m│[39m  42.33 kB
[90m│[39m  ../../../../../../../../../private/var/folders/r5/mlqphft14rl04yv_djmrv6tc0000gp/T/chromatic--27532-f672v7oXYn8W/assets/figma-plugin-CH2hELiO.png
[90m│[39m  44.24 kB
[90m│[39m  ../../../../../../../../../private/var/folders/r5/mlqphft14rl04yv_djmrv6tc0000gp/T/chromatic--27532-f672v7oXYn8W/assets/theming-D6WJLNoW.png
[90m│[39m  44.37 kB
[90m│[39m  ../../../../../../../../../private/var/folders/r5/mlqphft14rl04yv_djmrv6tc0000gp/T/chromatic--27532-f672v7oXYn8W/assets/testing-cbzR9l9r.png
[90m│[39m  49.31 kB
[90m│[39m  ../../../../../../../../../private/var/folders/r5/mlqphft14rl04yv_djmrv6tc0000gp/T/chromatic--27532-f672v7oXYn8W/assets/addon-library-BWUCAmyN.png
[90m│[39m  467.36 kB
[90m│[39m  ../../../../../../../../../private/var/folders/r5/mlqphft14rl04yv_djmrv6tc0000gp/T/chromatic--27532-f672v7oXYn8W/assets/Header-CzZBVs_w.css
[90m│[39m  0.50 kB │ gzip:   0.29 kB
[90m│[39m  ../../../../../../../../../private/var/folders/r5/mlqphft14rl04yv_djmrv6tc0000gp/T/chromatic--27532-f672v7oXYn8W/assets/Button-C9QAnAgh.css
[90m│[39m  0.51 kB │ gzip:   0.28 kB
[90m│[39m  ../../../../../../../../../private/var/folders/r5/mlqphft14rl04yv_djmrv6tc0000gp/T/chromatic--27532-f672v7oXYn8W/assets/Page-R7v0XIE6.css
[90m│[39m  0.91 kB │ gzip:   0.39 kB
[90m│[39m  ../../../../../../../../../private/var/folders/r5/mlqphft14rl04yv_djmrv6tc0000gp/T/chromatic--27532-f672v7oXYn8W/assets/NavMenus-ad4LY9xf.css
[90m│[39m  3.13 kB │ gzip:   1.11 kB
[90m│[39m  ../../../../../../../../../private/var/folders/r5/mlqphft14rl04yv_djmrv6tc0000gp/T/chromatic--27532-f672v7oXYn8W/assets/formatter-L2YTDE3Q-Bmf1yWcN.js
[90m│[39m  0.27 kB │ gzip:   0.22 kB
[90m│[39m  ../../../../../../../../../private/var/folders/r5/mlqphft14rl04yv_djmrv6tc0000gp/T/chromatic--27532-f672v7oXYn8W/assets/Button-EtMeuWx4.js
[90m│[39m  0.45 kB │ gzip:   0.30 kB
[90m│[39m  ../../../../../../../../../private/var/folders/r5/mlqphft14rl04yv_djmrv6tc0000gp/T/chromatic--27532-f672v7oXYn8W/assets/Header.stories-Dcru6Leh.js
[90m│[39m  0.74 kB │ gzip:   0.42 kB
[90m│[39m  ../../../../../../../../../private/var/folders/r5/mlqphft14rl04yv_djmrv6tc0000gp/T/chromatic--27532-f672v7oXYn8W/assets/Header-D1sa3-Ti.js
[90m│[39m  1.23 kB │ gzip:   0.69 kB
[90m│[39m  ../../../../../../../../../private/var/folders/r5/mlqphft14rl04yv_djmrv6tc0000gp/T/chromatic--27532-f672v7oXYn8W/assets/Button.stories-DBa_mPtE.js
[90m│[39m  1.37 kB │ gzip:   0.55 kB
[90m│[39m  ../../../../../../../../../private/var/folders/r5/mlqphft14rl04yv_djmrv6tc0000gp/T/chromatic--27532-f672v7oXYn8W/assets/Button.stories-C-yCV5cb.js
[90m│[39m  1.41 kB │ gzip:   0.57 kB
[90m│[39m  ../../../../../../../../../private/var/folders/r5/mlqphft14rl04yv_djmrv6tc0000gp/T/chromatic--27532-f672v7oXYn8W/assets/preload-helper-BdFrVu1K.js
[90m│[39m  2.40 kB │ gzip:   1.25 kB
[90m│[39m  ../../../../../../../../../private/var/folders/r5/mlqphft14rl04yv_djmrv6tc0000gp/T/chromatic--27532-f672v7oXYn8W/assets/chunk-DRQKCCAG-fPgKFAoi.js
[90m│[39m  3.35 kB │ gzip:   1.39 kB
[90m│[39m  ../../../../../../../../../private/var/folders/r5/mlqphft14rl04yv_djmrv6tc0000gp/T/chromatic--27532-f672v7oXYn8W/assets/Page.stories-D52wennq.js
[90m│[39m  3.67 kB │ gzip:   1.63 kB
[90m│[39m  ../../../../../../../../../private/var/folders/r5/mlqphft14rl04yv_djmrv6tc0000gp/T/chromatic--27532-f672v7oXYn8W/assets/chunk-242VQQM5-BK-DPnDl.js
[90m│[39m  3.76 kB │ gzip:   1.46 kB
[90m│[39m  ../../../../../../../../../private/var/folders/r5/mlqphft14rl04yv_djmrv6tc0000gp/T/chromatic--27532-f672v7oXYn8W/assets/react-B82b4cNX.js
[90m│[39m  7.53 kB │ gzip:   2.88 kB
[90m│[39m  ../../../../../../../../../private/var/folders/r5/mlqphft14rl04yv_djmrv6tc0000gp/T/chromatic--27532-f672v7oXYn8W/assets/NavMenus.stories-DBe2B7Gb.js
[90m│[39m  8.87 kB │ gzip:   2.72 kB
[90m│[39m  ../../../../../../../../../private/var/folders/r5/mlqphft14rl04yv_djmrv6tc0000gp/T/chromatic--27532-f672v7oXYn8W/assets/chunk-W22LQPXL-DhN0oS8V.js
[90m│[39m  23.04 kB │ gzip:   7.75 kB
[90m│[39m  ../../../../../../../../../private/var/folders/r5/mlqphft14rl04yv_djmrv6tc0000gp/T/chromatic--27532-f672v7oXYn8W/assets/Configure-_lU4NsJp.js
[90m│[39m  26.85 kB │ gzip:  11.30 kB
[90m│[39m  ../../../../../../../../../private/var/folders/r5/mlqphft14rl04yv_djmrv6tc0000gp/T/chromatic--27532-f672v7oXYn8W/vite-inject-mocker-entry.js
[90m│[39m  27.81 kB │ gzip:   9.63 kB
[90m│[39m  ../../../../../../../../../private/var/folders/r5/mlqphft14rl04yv_djmrv6tc0000gp/T/chromatic--27532-f672v7oXYn8W/assets/matchers-JIUQ3HVY-9iRExWZO.js
[90m│[39m  28.76 kB │ gzip:   9.66 kB
[90m│[39m  ../../../../../../../../../private/var/folders/r5/mlqphft14rl04yv_djmrv6tc0000gp/T/chromatic--27532-f672v7oXYn8W/assets/Color-6AOWCN3U-CD_SoxZ2.js
[90m│[39m  30.97 kB │ gzip:  11.64 kB
[90m│[39m  ../../../../../../../../../private/var/folders/r5/mlqphft14rl04yv_djmrv6tc0000gp/T/chromatic--27532-f672v7oXYn8W/assets/WithTooltip-7X4HQR7L-DDKpJhVG.js
[90m│[39m  32.73 kB │ gzip:  11.47 kB
[90m│[39m  ../../../../../../../../../private/var/folders/r5/mlqphft14rl04yv_djmrv6tc0000gp/T/chromatic--27532-f672v7oXYn8W/assets/theming-CShXF-Rc.js
[90m│[39m  55.68 kB │ gzip:  21.50 kB
[90m│[39m  ../../../../../../../../../private/var/folders/r5/mlqphft14rl04yv_djmrv6tc0000gp/T/chromatic--27532-f672v7oXYn8W/assets/syntaxhighlighter-T5IQBZDB-COSjhog4.js
[90m│[39m  75.91 kB │ gzip:  27.26 kB
[90m│[39m  ../../../../../../../../../private/var/folders/r5/mlqphft14rl04yv_djmrv6tc0000gp/T/chromatic--27532-f672v7oXYn8W/assets/DocsRenderer-JROSPFPF-BKhRCpXX.js
[90m│[39m  180.33 kB │ gzip:  57.30 kB
[90m│[39m  ../../../../../../../../../private/var/folders/r5/mlqphft14rl04yv_djmrv6tc0000gp/T/chromatic--27532-f672v7oXYn8W/assets/axe-Bk3eEgJf.js
[90m│[39m  579.35 kB │ gzip: 158.44 kB
[90m│[39m  ../../../../../../../../../private/var/folders/r5/mlqphft14rl04yv_djmrv6tc0000gp/T/chromatic--27532-f672v7oXYn8W/assets/blocks-Wpo35KPz.js
[90m│[39m  758.39 kB │ gzip: 240.52 kB
[90m│[39m  ../../../../../../../../../private/var/folders/r5/mlqphft14rl04yv_djmrv6tc0000gp/T/chromatic--27532-f672v7oXYn8W/assets/iframe-BtjfrXCh.js
[90m│[39m  872.95 kB │ gzip: 245.68 kB

[90m│[39m
[33m▲[39m  [43mVite[49m [33m[plugin builtin:vite-reporter]
[90m│[39m  (!) Some chunks are larger than 500 kB after minification. Consider:
[90m│[39m  - Using dynamic import() to code-split the application
[90m│[39m  - Use build.rolldownOptions.output.codeSplitting to improve chunking:
[90m│[39m  ]8;;https://rolldown.rs/reference/OutputOptions.codeSplittinghttps://rolldown.rs/reference/OutputOptions.codeSplitting]8;;
[90m│[39m  - Adjust chunk size limit for this warning via
[90m│[39m  build.chunkSizeWarningLimit.[39m
[90m│[39m  [43mVite[49m [32m✓ built in 421ms[39m
[90m│[39m
[32m◇[39m  Output directory:
[90m│[39m  /private/var/folders/r5/mlqphft14rl04yv_djmrv6tc0000gp/T/chromatic--27532-f672v7oXYn8W
[90m│[39m
[90m└[39m  Storybook build completed successfully

